// Jest Snapshot v1, https://goo.gl/fbAQLP

exports[`Header Should render header correctly 1`] = `
<h1>
  Translation Daddy
</h1>
`;
